hello
i'm testing the output validation feature
12345